// Jest Snapshot v1, https://goo.gl/fbAQLP

exports[`Hit renders correctly 1`] = `
<div
  className="item"
>
  <div
    className="content"
  >
    <a
      className="header"
      href="http://www.npr.org/sections"
    >
      How Well Can You Hear Audio Quality?
    </a>
    <div
      className="meta"
    >
      <div
        className="ui medium label"
        onClick={[Function]}
      >
        0
         points
      </div>
      <div
        className="ui medium label"
        onClick={[Function]}
      >
        <i
          aria-hidden="true"
          className="user icon"
        />
         
        pingec
      </div>
      <div
        className="ui medium label"
        onClick={[Function]}
      >
        3 years ago
      </div>
      <div
        className="ui medium label"
        onClick={[Function]}
      >
        comment
      </div>
    </div>
    <div
      className="description"
    >
      <div
        dangerouslySetInnerHTML={
          Object {
            "__html": "test",
          }
        }
      />
    </div>
  </div>
</div>
`;
